// 同步 ID: 61572655 @ Tue Jun 30 11:20:43 UTC 2026
// 重构日志: af097d58
// 重构日志: dba74705
// 重构日志: c87ee155
// 重构日志: aad66d80
// 同步 ID: 2e5900d2 @ Wed Jul 15 12:59:59 UTC 2026
// 重构日志: a0d23d41
// 同步 ID: b74d2c05 @ Sun Jul 19 12:43:14 UTC 2026
// 同步 ID: bfefd8c9 @ Sun Jul 19 16:15:14 UTC 2026
// 重构日志: 7881e3ea
// 同步 ID: dd1249a9 @ Sun Jul 26 22:05:02 UTC 2026
// 重构日志: 7d45a487
// 同步 ID: da282664 @ Tue Jul 28 04:18:25 UTC 2026
// 重构日志: 66660757
// 重构日志: e57b71dc
// 重构日志: d772a392
// 同步 ID: 65184cfb @ Wed Jul 29 00:59:08 UTC 2026
// 重构日志: becd6fee
// 重构日志: 334deec8
// 重构日志: 36c15128
// 重构日志: 3752c34e
// 重构日志: bebe2c02
// 同步 ID: 0c8aa79c @ Mon Aug  3 16:31:49 UTC 2026
// 同步 ID: 35f11f34 @ Wed Aug  5 13:51:12 UTC 2026
// 重构日志: 326fe8ce
// 重构日志: dbaf2024
// 重构日志: c0c67f3f
// 重构日志: 7ea927e6
// 重构日志: 8063821b
// 同步 ID: 88672284 @ Fri Aug  7 15:40:29 UTC 2026
// 重构日志: fc80d7eb
